Microchip MPLAB XC8 PIC(R) Assembler V3.10

Linker command line:

-W-3 --edf=/opt/microchip/xc8/v3.10/pic/dat/20250813170317_en.msgs -cs \
  -h+dist/default/debug/Practical_2.X.debug.sym \
  --cmf=dist/default/debug/Practical_2.X.debug.cmf -z -Q18F45K22 \
  -o/tmp/xcXILfBDK/driver_tmp_3.o --fixupoverflow=error \
  -ver=XC8 PIC(R) Assembler --fixupoverflow=lstwarn \
  -Mdist/default/debug/Practical_2.X.debug.map -E1 -ACODE=00h-07FFFh \
  -ACONST=00h-07FFFh -ASMALLCONST=0600h-06FFhx122 \
  -AMEDIUMCONST=0600h-07FFFh -ACOMRAM=00h-05Fh -AABS1=00h-05FFh \
  -ABIGRAM=00h-05FFh -ARAM=060h-0FFh,0100h-01FFhx5 -ABANK0=060h-0FFh \
  -ABANK1=0100h-01FFh -ABANK2=0200h-02FFh -ABANK3=0300h-03FFh \
  -ABANK4=0400h-04FFh -ABANK5=0500h-05FFh -ASFR=0F38h-0F5Fh,0F60h-0FFFh \
  -ABIGSFR=0F38h-0FFFh -ACONFIG=0300000h-0300000h -AIDLOC=0200000h-0200007h \
  -AEEDATA=0F00000h-0F000FFh build/default/debug/main.o 

Object code version is 3.11

Machine type is 18F45K22



                Name                               Link     Load   Length Selector   Space Scale
build/default/debug/main.o
                config                           300001   300001        D        0       4
                code                                  0        0     1380        0       0

TOTAL           Name                               Link     Load   Length     Space
        CLASS   CODE           
                code                                  0        0     1380         0

        CLASS   CONST          

        CLASS   SMALLCONST     

        CLASS   MEDIUMCONST    

        CLASS   COMRAM         

        CLASS   ABS1           

        CLASS   BIGRAM         

        CLASS   RAM            

        CLASS   BANK0          

        CLASS   BANK1          

        CLASS   BANK2          

        CLASS   BANK3          

        CLASS   BANK4          

        CLASS   BANK5          

        CLASS   SFR            

        CLASS   BIGSFR         

        CLASS   CONFIG         
                config                           300001   300001        D         4

        CLASS   IDLOC          

        CLASS   EEDATA         



SEGMENTS        Name                           Load    Length   Top    Selector   Space  Class



UNUSED ADDRESS RANGES

        Name                Unused          Largest block    Delta
        BANK0            000060-0000FF               A0
        BANK1            000100-0001FF              100
        BANK2            000200-0002FF              100
        BANK3            000300-0003FF              100
        BANK4            000400-0004FF              100
        BANK5            000500-0005FF              100
        CODE             001380-007FFF             6C80
        COMRAM           000000-00005F               60
        CONFIG           300000-300000                1
        CONST            001380-007FFF             6C80
        EEDATA           F00000-F000FF              100
        IDLOC            200000-200007                8
        MEDIUMCONST      001380-007FFF             6C80
        RAM              000060-0005FF              100
        SMALLCONST       001380-007FFF              100

                                  Symbol Table

__H__absolute__ __absolute__ 000000  __Hcode         code         000000
__Hconfig       config       30000E  __Hdata         data         000000
__Hedata        edata        000000  __Hspace_0      (abs)        001380
__Hspace_1      (abs)        000000  __Hspace_3      (abs)        000000
__Hspace_4      (abs)        60000F  __Hudata        udata        000000
__Hudata_acs    udata_acs    000000  __Hudata_bank0  udata_bank0  000000
__Hudata_bank1  udata_bank1  000000  __Hudata_bank2  udata_bank2  000000
__Hudata_bank3  udata_bank3  000000  __Hudata_bank4  udata_bank4  000000
__Hudata_bank5  udata_bank5  000000  __L__absolute__ __absolute__ 000000
__Lcode         code         000000  __Lconfig       config       000000
__Ldata         data         000000  __Ledata        edata        000000
__Lspace_0      (abs)        000000  __Lspace_1      (abs)        000000
__Lspace_3      (abs)        000000  __Lspace_4      (abs)        000000
__Ludata        udata        000000  __Ludata_acs    udata_acs    000000
__Ludata_bank0  udata_bank0  000000  __Ludata_bank1  udata_bank1  000000
__Ludata_bank2  udata_bank2  000000  __Ludata_bank3  udata_bank3  000000
__Ludata_bank4  udata_bank4  000000  __Ludata_bank5  udata_bank5  000000
__S0            (abs)        000000  __S1            (abs)        000000
__S3            (abs)        000000  isa$std         (abs)        000001
isa$xinst       (abs)        000000  
