Drill report for EMK310_P2_rev1.kicad_pcb
Created on 2026-04-10T09:45:01+0200

Copper Layer Stackup:
    =============================================================
    L1 :  F.Cu                      front
    L2 :  B.Cu                      back


Drill file 'EMK310_P2_rev1-PTH.drl' contains
    plated through holes:
    =============================================================
    T1  0.300mm  0.0118"  (42 holes)
    T2  0.800mm  0.0315"  (91 holes)
    T3  0.850mm  0.0335"  (40 holes)
    T4  1.000mm  0.0394"  (63 holes)
    T5  1.100mm  0.0433"  (3 holes)
    T6  3.200mm  0.1260"  (4 holes)

    Total plated holes count 243


Drill file 'EMK310_P2_rev1-NPTH.drl' contains
    unplated through holes:
    =============================================================

    Total unplated holes count 0
